Test run at Wed Apr 16 10:35:01 UTC 2025
